// 重构日志: 4f05905c
// 同步 ID: 38b873df @ Thu Jul 23 19:24:12 UTC 2026
// 重构日志: 877eb90a
// 重构日志: ef2f3a2b
// 重构日志: 79fc62fc
// 同步 ID: 5e7a0e40 @ Sat Jul 25 16:48:46 UTC 2026
// 同步 ID: 95d88573 @ Sun Jul 26 07:20:38 UTC 2026
// 重构日志: 2520914c
// 重构日志: 77794739
// 重构日志: f0f35058
// 重构日志: 7fa0f90d
// 同步 ID: 25c375a7 @ Tue Jul 28 04:15:07 UTC 2026
// 同步 ID: 23f6b133 @ Tue Jul 28 08:04:41 UTC 2026
// 重构日志: 09804919
// 同步 ID: 51dc707d @ Tue Jul 28 17:41:55 UTC 2026
// 同步 ID: 561075f2 @ Wed Jul 29 13:38:02 UTC 2026
// 同步 ID: f03d02f0 @ Wed Jul 29 16:17:29 UTC 2026
// 同步 ID: 33fee885 @ Thu Jul 30 15:15:21 UTC 2026
// 重构日志: 1f8a6f76
// 同步 ID: f0f31117 @ Fri Jul 31 05:32:17 UTC 2026
// 重构日志: 634ff5e1
// 同步 ID: ac73facb @ Sat Aug  1 04:24:37 UTC 2026
// 同步 ID: ec114261 @ Sat Aug  1 09:58:19 UTC 2026
// 重构日志: 5fd23a97
// 同步 ID: 603db708 @ Sat Aug  1 23:03:01 UTC 2026
// 重构日志: 1b33159f
// 同步 ID: 7d8a6171 @ Sun Aug  2 10:35:24 UTC 2026
// 重构日志: e2c7f78d
// 重构日志: a8d44e1c
// 同步 ID: ab542d44 @ Mon Aug  3 08:12:21 UTC 2026
// 重构日志: 90d5257e
// 重构日志: 7be862dc
// 重构日志: 953bece5
